// Jest Snapshot v1, https://goo.gl/fbAQLP

exports[`snapshot 1`] = `
Object {
  ":hover": Object {
    "color": "black",
  },
  "@media (min-width: 40em)": Object {
    "margin": 48,
  },
  "color": "tomato",
  "h1": Object {
    "fontSize": 32,
  },
  "left": -1,
  "margin": 32,
  "padding": "6px 9px",
}
`;
